{
    "double_booked_events": [
        [
            3,
            1
        ],
        [
            3,
            2
        ]
    ]
}