{
    "events": [
            {
                "id": 1,
                "start": "2023-02-02 13:00",
                "end": "2023-02-02 14:00",
                "timezone": "WRONG"
            }
    ]
}
