{
    "errors": [
        {
            "id": "ID_DOUBLE_BOOKED_ERROR",
            "status": "280",
            "code": "CODE_FIND_DOUBLE_BOOKED_ERROR",
            "title": "Error",
            "detail": "Error parsing timezone of UTC event {1 2023-02-02 18:00 2023-02-02 19:00 UTC}"
        }
    ]
}