{
    "errors": [
        {
            "id": "ID_DOUBLE_BOOKED_ERROR",
            "status": "280",
            "code": "CODE_PARSE_EVENT_ERROR",
            "title": "Error",
            "detail": "Error setting timezone of event {1 2023-02-02 13:00 2023-02-02 14:00 WRONG}"
        }
    ]
}